[wwwranjeetsinghconstructioncon.godaddysites.com/index.html]
[backblue.gif]
[fade.gif]
[index.html]
[wwwranjeetsinghconstructioncon.godaddysites.com/manifest.webmanifest]
[img1.wsimg.com/isteam/ip/static/pwa-app/logo-default.png/_/rs=w_57,h_57,m.jpg]
[img1.wsimg.com/isteam/ip/static/pwa-app/logo-default.png/_/rs=w_60,h_60,m.jpg]
[img1.wsimg.com/isteam/ip/static/pwa-app/logo-default.png/_/rs=w_72,h_72,m.jpg]
[img1.wsimg.com/isteam/ip/static/pwa-app/logo-default.png/_/rs=w_114,h_114,m.jpg]
[img1.wsimg.com/isteam/ip/static/pwa-app/logo-default.png/_/rs=w_120,h_120,m.jpg]
[img1.wsimg.com/isteam/ip/static/pwa-app/logo-default.png/_/rs=w_144,h_144,m.jpg]
[img1.wsimg.com/isteam/ip/static/pwa-app/logo-default.png/_/rs=w_152,h_152,m.jpg]
[img1.wsimg.com/isteam/ip/static/pwa-app/logo-default.png/_/rs=w_180,h_180,m.jpg]
[wwwranjeetsinghconstructioncon.godaddysites.com/sw.js]
[wwwranjeetsinghconstructioncon.godaddysites.com/gallery.html]
[wwwranjeetsinghconstructioncon.godaddysites.com/services.html]
[wwwranjeetsinghconstructioncon.godaddysites.com/contact-us.html]
[img1.wsimg.com/isteam/ip/d1ecef53-3f08-4b20-a18f-95ffa81121ed/IMG-20220902-WA0027.jpg/_/cr=t_0%,l_2.73%,w_94.53%,h_100%/rs=w_600,h_300,cg_true.jpg]
[img1.wsimg.com/isteam/ip/d1ecef53-3f08-4b20-a18f-95ffa81121ed/blob-2ee848e.png/_/cr=t_0%,l_2.73%,w_94.53%,h_100%/rs=w_600,h_300,cg_true.png]
[img1.wsimg.com/blobby/go/d1ecef53-3f08-4b20-a18f-95ffa81121ed/gpub/62f11abd461e25b2/script.js]
[img1.wsimg.com/blobby/go/d1ecef53-3f08-4b20-a18f-95ffa81121ed/gpub/f222f765d8ba3dfc/script.js]
[img1.wsimg.com/poly/v3/polyfill.min6ee5.js]
[img1.wsimg.com/ceph-p3-01/website-builder-data-prod/static/widgets/UX.4.27.1.js]
[img6.wsimg.com/wrhs/362d20193a8fed115f99b16a157b7fc4/tccl.min.js]
[wwwranjeetsinghconstructioncon.godaddysites.com/index.html]
[img1.wsimg.com/isteam/stock/oplp8Er/_/rs=w_365,h_365,cg_true,m/cr=w_365,h_365.jpg]
[img1.wsimg.com/isteam/stock/73291/_/rs=w_365,h_365,cg_true,m/cr=w_365,h_365.jpg]
[img1.wsimg.com/isteam/stock/Wbq1olg/_/rs=w_365,h_365,cg_true,m/cr=w_365,h_365.jpg]
[img1.wsimg.com/isteam/stock/9QwDxmB/_/rs=w_365,h_365,cg_true,m/cr=w_365,h_365.jpg]
[img1.wsimg.com/blobby/go/d1ecef53-3f08-4b20-a18f-95ffa81121ed/gpub/ed7e5df3f9155cad/script.js]
[wwwranjeetsinghconstructioncon.godaddysites.com/gallery.html]
[img1.wsimg.com/blobby/go/d1ecef53-3f08-4b20-a18f-95ffa81121ed/gpub/4fcdc9a075ef53a9/script.js]
[img1.wsimg.com/isteam/ip/d1ecef53-3f08-4b20-a18f-95ffa81121ed/IMG-20220823-WA0005.jpg/_/cr=t_16.67%,l_0%,w_100%,h_66.67%/rs=w_365,h_486.jpg]
[img1.wsimg.com/isteam/ip/d1ecef53-3f08-4b20-a18f-95ffa81121ed/IMG-20220906-WA0004.jpg/_/cr=t_0%,l_32.28%,w_35.45%,h_100%/rs=w_365,h_486.jpg]
[img1.wsimg.com/isteam/ip/d1ecef53-3f08-4b20-a18f-95ffa81121ed/blob-00c4e29.png/_/cr=t_18.49%,l_0%,w_100%,h_63.02%/rs=w_365,h_486.jpg]
[wwwranjeetsinghconstructioncon.godaddysites.com/services.html]
[img1.wsimg.com/blobby/go/d1ecef53-3f08-4b20-a18f-95ffa81121ed/gpub/73c434f5b2ef5c57/script.js]
[img1.wsimg.com/blobby/go/d1ecef53-3f08-4b20-a18f-95ffa81121ed/gpub/ebcdc31d48684204/script.js]
[img1.wsimg.com/blobby/go/d1ecef53-3f08-4b20-a18f-95ffa81121ed/gpub/991f62cc4fb733c8/script.js]
[wwwranjeetsinghconstructioncon.godaddysites.com/contact-us.html]
[img1.wsimg.com/blobby/go/d1ecef53-3f08-4b20-a18f-95ffa81121ed/gpub/9ec4b7e080e65d19/script.js]
[img1.wsimg.com/isteam/ip/d1ecef53-3f08-4b20-a18f-95ffa81121ed/IMG-20220902-WA0027.jpg/_/cr=t_0%,l_2.73%,w_94.53%,h_100%/rs=w_600,h_300,cg_true.jpg]
[img1.wsimg.com/isteam/ip/d1ecef53-3f08-4b20-a18f-95ffa81121ed/blob-2ee848e.png/_/cr=t_0%,l_2.73%,w_94.53%,h_100%/rs=w_600,h_300,cg_true.png]
[wwwranjeetsinghconstructioncon.godaddysites.com/sw.js]
[img1.wsimg.com/blobby/go/d1ecef53-3f08-4b20-a18f-95ffa81121ed/gpub/62f11abd461e25b2/script.js]
[wwwranjeetsinghconstructioncon.godaddysites.com/gallery.html]
[img1.wsimg.com/poly/v3/polyfill.min6ee5.js]
