[wwwranjeetsinghconstructioncon.godaddysites.com/index.html]
[backblue.gif]
[fade.gif]
[index.html]
[wwwranjeetsinghconstructioncon.godaddysites.com/manifest.webmanifest]
[img1.wsimg.com/isteam/ip/static/pwa-app/logo-default.png/_/rs=w_57,h_57,m.jpg]
[img1.wsimg.com/isteam/ip/static/pwa-app/logo-default.png/_/rs=w_60,h_60,m.jpg]
[img1.wsimg.com/isteam/ip/static/pwa-app/logo-default.png/_/rs=w_72,h_72,m.jpg]
[img1.wsimg.com/isteam/ip/static/pwa-app/logo-default.png/_/rs=w_114,h_114,m.jpg]
[img1.wsimg.com/isteam/ip/static/pwa-app/logo-default.png/_/rs=w_120,h_120,m.jpg]
[img1.wsimg.com/isteam/ip/static/pwa-app/logo-default.png/_/rs=w_144,h_144,m.jpg]
[img1.wsimg.com/isteam/ip/static/pwa-app/logo-default.png/_/rs=w_152,h_152,m.jpg]
[img1.wsimg.com/isteam/ip/static/pwa-app/logo-default.png/_/rs=w_180,h_180,m.jpg]
[wwwranjeetsinghconstructioncon.godaddysites.com/sw.js]
[wwwranjeetsinghconstructioncon.godaddysites.com/gallery.html]
[wwwranjeetsinghconstructioncon.godaddysites.com/services.html]
[wwwranjeetsinghconstructioncon.godaddysites.com/contact-us.html]
[img1.wsimg.com/isteam/ip/d1ecef53-3f08-4b20-a18f-95ffa81121ed/IMG-20220902-WA0027.jpg/_/cr=t_0%,l_2.73%,w_94.53%,h_100%/rs=w_600,h_300,cg_true.jpg]
[img1.wsimg.com/isteam/ip/d1ecef53-3f08-4b20-a18f-95ffa81121ed/blob-2ee848e.png/_/cr=t_0%,l_2.73%,w_94.53%,h_100%/rs=w_600,h_300,cg_true.png]
[img1.wsimg.com/blobby/go/d1ecef53-3f08-4b20-a18f-95ffa81121ed/gpub/4e3c7ca997953355/script.js]
[img1.wsimg.com/blobby/go/d1ecef53-3f08-4b20-a18f-95ffa81121ed/gpub/fd8a4620a475c3f9/script.js]
[img1.wsimg.com/poly/v3/polyfill.min6ee5.js]
[img1.wsimg.com/ceph-p3-01/website-builder-data-prod/static/widgets/UX.4.27.0.js]
[img6.wsimg.com/wrhs/362d20193a8fed115f99b16a157b7fc4/tccl.min.js]
[wwwranjeetsinghconstructioncon.godaddysites.com/index.html]
[img1.wsimg.com/isteam/stock/oplp8Er/_/rs=w_365,h_365,cg_true,m/cr=w_365,h_365.jpg]
[img1.wsimg.com/isteam/stock/73291/_/rs=w_365,h_365,cg_true,m/cr=w_365,h_365.jpg]
[img1.wsimg.com/isteam/stock/Wbq1olg/_/rs=w_365,h_365,cg_true,m/cr=w_365,h_365.jpg]
[img1.wsimg.com/isteam/stock/9QwDxmB/_/rs=w_365,h_365,cg_true,m/cr=w_365,h_365.jpg]
[img1.wsimg.com/blobby/go/d1ecef53-3f08-4b20-a18f-95ffa81121ed/gpub/9cd4b72d5e581b74/script.js]
[wwwranjeetsinghconstructioncon.godaddysites.com/gallery.html]
[img1.wsimg.com/blobby/go/d1ecef53-3f08-4b20-a18f-95ffa81121ed/gpub/ffc4eaee66bde8d8/script.js]
[img1.wsimg.com/isteam/ip/d1ecef53-3f08-4b20-a18f-95ffa81121ed/IMG-20220823-WA0005.jpg/_/cr=t_16.67%,l_0%,w_100%,h_66.67%/rs=w_365,h_486.jpg]
[img1.wsimg.com/isteam/ip/d1ecef53-3f08-4b20-a18f-95ffa81121ed/IMG-20220906-WA0004.jpg/_/cr=t_0%,l_32.28%,w_35.45%,h_100%/rs=w_365,h_486.jpg]
[img1.wsimg.com/isteam/ip/d1ecef53-3f08-4b20-a18f-95ffa81121ed/blob-00c4e29.png/_/cr=t_18.49%,l_0%,w_100%,h_63.02%/rs=w_365,h_486.jpg]
[wwwranjeetsinghconstructioncon.godaddysites.com/services.html]
[img1.wsimg.com/blobby/go/d1ecef53-3f08-4b20-a18f-95ffa81121ed/gpub/c3b2a5a33b831464/script.js]
[img1.wsimg.com/blobby/go/d1ecef53-3f08-4b20-a18f-95ffa81121ed/gpub/18327c8d441792ac/script.js]
[img1.wsimg.com/blobby/go/d1ecef53-3f08-4b20-a18f-95ffa81121ed/gpub/7b83f1f37b9edbde/script.js]
[wwwranjeetsinghconstructioncon.godaddysites.com/contact-us.html]
[img1.wsimg.com/blobby/go/d1ecef53-3f08-4b20-a18f-95ffa81121ed/gpub/197185279c4bb550/script.js]
[img1.wsimg.com/isteam/ip/d1ecef53-3f08-4b20-a18f-95ffa81121ed/IMG-20220902-WA0027.jpg/_/cr=t_0%,l_2.73%,w_94.53%,h_100%/rs=w_600,h_300,cg_true.jpg]
[img1.wsimg.com/isteam/ip/d1ecef53-3f08-4b20-a18f-95ffa81121ed/blob-2ee848e.png/_/cr=t_0%,l_2.73%,w_94.53%,h_100%/rs=w_600,h_300,cg_true.png]
[wwwranjeetsinghconstructioncon.godaddysites.com/sw.js]
[img1.wsimg.com/blobby/go/d1ecef53-3f08-4b20-a18f-95ffa81121ed/gpub/4e3c7ca997953355/script.js]
[wwwranjeetsinghconstructioncon.godaddysites.com/gallery.html]
[img1.wsimg.com/poly/v3/polyfill.min6ee5.js]
